// Jest Snapshot v1, https://goo.gl/fbAQLP

exports[`Not Found works 1`] = `
Object {
  "attachments": Array [
    Object {
      "color": "danger",
      "mrkdwn_in": Array [
        "text",
      ],
      "text": "Hi! Could not find resource: \`atom/atom\`",
    },
  ],
  "response_type": "ephemeral",
}
`;
