// Jest Snapshot v1, https://goo.gl/fbAQLP

exports[`PrivateUnfurlPrompt message rendering works 1`] = `
Object {
  "actions": Array [
    Object {
      "name": "unfurl",
      "style": "primary",
      "text": "Show rich preeeeeeeeeview",
      "type": "button",
    },
    Object {
      "name": "unfurl-dismiss",
      "text": "Dismiss",
      "type": "button",
    },
  ],
  "callback_id": "unfurl-1",
  "color": "#24292f",
  "text": "The link you shared is private, so not everyone in this workspace may have access to it.",
  "title": "Do you want to show a rich preview for https://github.com/electron/electron?",
}
`;
